// Jest Snapshot v1, https://goo.gl/fbAQLP

exports[`stack overflow 1`] = `
Array [
  Array [
    "test.test.test.test.test.test.test.test.test.test.test.test.test.test.test.test.test.test.test.test.test.test.test.test.test.test.test.test.test.test.test.test.test.test.test.test.test.test.test.test.test.test.test.test.test.test.test.test.test.test.test.test.test.test.test.test.test.test.test.test.test.test.test.test.test.test.test.test.test.test.test.test.test.test.test.test.test.test.test.test.test.test.test.test.test.test.test.test.test.test.test.test.test.test.test.test.test.test.test.test.test.test.test.test.test.test.test.test.test.test.test.test.test.test.test.test.test.test.test.test.test.test.test.test.test.test.test.test.test.test.test.test.test.test.test.test.test.test.test.test.test.test.test.test.test.test.test.test.test.test.test.test.test.test.test.test.test.test.test.test.test.test.test.test.test.test.test.test.test.test.test.test.test.test.test.test.test.test.test.test.test.test.test.test.test.test.test.test.test.test.test.test.test.test.test.test.test.test.test.test.test.test.test.test.test.test.test.test.test.test.test.test.test.test.test.test.test.test.test.test.test.test.test.test.test.test.test.test.test.test.test.test.test.test.test.test.test.test.test.test.test.test.test.test.test.test.test.test.test.test.test.test.test.test.test.test.test.test.test.test.test.test.test.test.test.test.test.test.test.test.test.test.test.test.test.test.test.test.test.test.test.test.test.test.test.test.test.test.test.test.test.test.test.test.test.test.test.test.test.test.test.test.test.test.test.test.test.test.test.test.test.test.test.test.test.test.test.test.test.test.test.test.test.test.test.test.test.test.test.test.test.test.test.test.test.test.test.test.test.test.test.test.test.test.test.test.test.test.test.test.test.test.test.test.test.test.test.test.test.test.test.test.test.test.test.test.test.test.test.test.test.test.test.test.test.test.test.test.test.test.test.test.test.test.test.test.test.test.test.test.test.test.test.test.test.test.test.test.test.test.test.test.test.test.test.test.test.test.test.test.test.test.test.test.test.test.test.test.test.test.test.test.test.test.test.test.test.test.test.test.test.test.test.test.test.test.test.test.test.test.test.test.test.test.test.test.test.test.test.test.test.test.test.test.test.test.test.test.test.test.test.test.test.test.test.test.test.test.test.test.test.test.test.test.test.test.test.test.test.test.test.test.test.test.test.test.test.test.test.test.test.test.test.test.test.test.test.test.test.test.test.test.test.test.test.test.test.test.test.test.test.test.test.test.test.test.test.test.test.test.test.test.test.test.test.test.test.test.test.test.test.test.test.test.test.test.test.test.test.test.test.test.test.test.test.test.test.test.test.test.test.test.test.test.test.test.test.test.test.test.test.test.test.test.test.test.test.test.test.test.test.test.test.test.test.test.test.test.test.test.test.test.test.test.test.test.test.test.test.test.test.test.test.test.test.test.test.test.test.test.test.test.test.test.test.test.test.test.test.test.test.test.test.test.test.test.test.test.test.test.test.test.test.test.test.test.test.test.test.test.test.test.test.test.test.test.test.test.test.test.test.test.test.test.test.test.test.test.test.test.test.test.test.test.test.test.test.test.test.test.test.test.test.test.test.test.test.test.test.test.test.test.test.test.test.test.test.test.test.test.test.test.test.test.test.test.test.test.test.test.test.test.test.test.test.test.test.test.test.test.test.test.test.test.test.test.test.test.test.test.test.test.test.test.test.test.test.test.test.test.test.test.test.test.test.test.test.test.test.test.test.test.test.test.test.test.test.test.test.test.test.test.test.test.test.test.test.test.test.test.test.test.test.test.test.test.test.test.test.test.test.test.test.test.test.test.test.test.test.test.test.test.test.test.test.test.test.test.test.test.test.test.test.test.test.test.test.test.test.test.test.test.test.test.test.test.test.test.test.test.test.test.test.test.test.test.test.test.test.test.test.test.test.test.test.test.test.test.test.test.test.test.test.test.test.test.test.test.test.test.test.test.test.test.test.test.test.test.test.test.test.test.test.test.test.test.test.test.test.test.test.test.test.test.test.test.test.test.test.test.test.test.test.test.test.test.test.test.test.test.test.test.test.test.test.test.test.test.test.test.test.test.test.test.test.test.test.test.test.test.test.test.test.test.test.test.test.test.test.test.test.test.test.test.test.test.test.test.test.test.test.test.test.test.test.test.test.test.test.test.test.test.test.test.test.test.test.test.test.test.test.test.test.test.test.test.test.test.test.test.test.test.test.test.test.test.test.test.test.test.test.test.test.test.test.test.test.test.test.test.test.test.test.test.test.test.test.test.test.test.test.test.test.test.test.test.test.test.test.test.test.test.test.test.test.test.test.test.test.test.test.test.test.test.test.test.test.test.test.test.test",
    "This field is missing.",
    "MISSING_FIELD_ERROR",
    Object {},
  ],
]
`;
