// Jest Snapshot v1, https://goo.gl/fbAQLP

exports[`addaddaddaddaddaddaddaddaddadd 1`] = `71`;
