// Jest Snapshot v1, https://goo.gl/fbAQLP

exports[`veg test 1`] = `
Array [
  🍎 apple,
  🍌 banana,
  🍐 pear,
  🍅 tomato,
]
`;
